#-----------------------------------------------------------
# Vivado v2020.2 (64-bit)
# SW Build 3064766 on Wed Nov 18 09:12:45 MST 2020
# IP Build 3064653 on Wed Nov 18 14:17:31 MST 2020
# Start of session at: Thu Jan  6 19:12:16 2022
# Process ID: 22116
# Current directory: C:/Users/user/Desktop/Programing/Logic Design/Advance/Project/project/vivado_proj
# Command line: vivado.exe -gui_launcher_event rodinguilauncherevent46968 C:\Users\user\Desktop\Programing\Logic Design\Advance\Project\project\vivado_proj\Basys-3-XADC.xpr
# Log file: C:/Users/user/Desktop/Programing/Logic Design/Advance/Project/project/vivado_proj/vivado.log
# Journal file: C:/Users/user/Desktop/Programing/Logic Design/Advance/Project/project/vivado_proj\vivado.jou
#-----------------------------------------------------------
start_gui
open_project {C:/Users/user/Desktop/Programing/Logic Design/Advance/Project/project/vivado_proj/Basys-3-XADC.xpr}
update_compile_order -fileset sources_1
open_hw_manager
connect_hw_server -allow_non_jtag
connect_hw_server -allow_non_jtag
connect_hw_server -allow_non_jtag
connect_hw_server -allow_non_jtag
close_hw_manager
open_hw_manager
connect_hw_server -allow_non_jtag
connect_hw_server -allow_non_jtag
connect_hw_server -allow_non_jtag
connect_hw_server -allow_non_jtag
connect_hw_server -allow_non_jtag
connect_hw_server -allow_non_jtag
connect_hw_server -allow_non_jtag
connect_hw_server -allow_non_jtag
connect_hw_server -allow_non_jtag
